// Jest Snapshot v1, https://goo.gl/fbAQLP

exports[`<MenuItem /> should render with default styles 1`] = `
<DocumentFragment>
  .emotion-0 {
  padding: 0px var(--pv-size-base-2);
  font-family: inherit;
  outline: none;
  width: 100%;
  height: var(--pv-size-base-7);
  display: -webkit-box;
  display: -webkit-flex;
  display: -ms-flexbox;
  display: flex;
  text-align: left;
  -webkit-align-items: center;
  -webkit-box-align: center;
  -ms-flex-align: center;
  align-items: center;
  -webkit-box-pack: start;
  -ms-flex-pack: start;
  -webkit-justify-content: flex-start;
  justify-content: flex-start;
  -webkit-text-decoration: none;
  text-decoration: none;
  -webkit-user-select: none;
  -moz-user-select: none;
  -ms-user-select: none;
  user-select: none;
  cursor: pointer;
  -webkit-transition: background-color 200ms;
  transition: background-color 200ms;
  background-color: transparent;
  border: none;
  color: var(--pv-color-black);
  box-sizing: border-box;
  gap: var(--pv-size-base-2);
}

.emotion-0:hover {
  background-color: var(--pv-color-gray-3);
}

.emotion-0:focus {
  background-color: var(--pv-color-gray-4);
}

.emotion-0:active {
  background-color: var(--pv-color-gray-5);
}

.emotion-1 {
  margin: 0;
  font-weight: var(--pv-text-b3-weight);
  font-size: var(--pv-text-b3-size);
  line-height: var(--pv-text-b3-height);
  letter-spacing: var(--pv-text-b3-spacing);
  color: inherit;
  overflow: hidden;
  white-space: nowrap;
  text-overflow: ellipsis;
  -webkit-flex: 1 1 auto;
  -ms-flex: 1 1 auto;
  flex: 1 1 auto;
}

<li
    class="emotion-0"
    role="menuitem"
    tabindex="-1"
  >
    <span
      class="emotion-1"
    >
      MenuItem
    </span>
  </li>
</DocumentFragment>
`;
