// Jest Snapshot v1, https://goo.gl/fbAQLP

exports[`<Tooltip /> should render with default styles 1`] = `
<DocumentFragment>
  <div>
    Text
  </div>
</DocumentFragment>
`;
