// Jest Snapshot v1, https://goo.gl/fbAQLP

exports[`<Backdrop /> Backdrop render variants should render as default 1`] = `
<DocumentFragment>
  .emotion-0 {
  background: var(--pv-color-black);
  z-index: -1;
  position: fixed;
  right: 0;
  bottom: 0;
  top: 0;
  left: 0;
  -webkit-tap-highlight-color: transparent;
}

<div
    aria-hidden="true"
    class="emotion-0"
    style="opacity: 0.5; transition: opacity 225ms cubic-bezier(0.4, 0, 0.2, 1) 0ms;"
  />
</DocumentFragment>
`;
