// Jest Snapshot v1, https://goo.gl/fbAQLP

exports[`<Toast /> should render with default styles 1`] = `
<DocumentFragment>
  .emotion-0 {
  width: 100%;
  display: -webkit-box;
  display: -webkit-flex;
  display: -ms-flexbox;
  display: flex;
  padding: var(--pv-size-base-2) var(--pv-size-base-4);
  box-sizing: border-box;
  border-radius: 4px;
  background-color: var(--pv-color-black);
}

.emotion-1 {
  margin: 0;
  color: var(--pv-color-white);
  font-weight: var(--pv-text-b3-weight);
  font-size: var(--pv-text-b3-size);
  line-height: var(--pv-text-b3-height);
  letter-spacing: var(--pv-text-b3-spacing);
  padding: var(--pv-size-base) 0px;
  -webkit-flex: 1;
  -ms-flex: 1;
  flex: 1;
  min-height: var(--pv-text-b3-height);
}

<div
    class="emotion-0"
    role="alert"
    style="opacity: 1; transition: opacity 225ms cubic-bezier(0.4, 0, 0.2, 1) 0ms;"
  >
    <p
      class="emotion-1"
    >
      Inside
    </p>
  </div>
</DocumentFragment>
`;
