// Jest Snapshot v1, https://goo.gl/fbAQLP

exports[`<Drawer /> should render with default styles 1`] = `<DocumentFragment />`;
