// Jest Snapshot v1, https://goo.gl/fbAQLP

exports[`<Collapse /> should render with default styles 1`] = `
<DocumentFragment>
  .emotion-0 {
  overflow: hidden;
  -webkit-transition: height 225ms cubic-bezier(0.4, 0, 0.2, 1) 0ms;
  transition: height 225ms cubic-bezier(0.4, 0, 0.2, 1) 0ms;
  height: 0;
  visibility: hidden;
}

<div
    class="emotion-0"
  >
    <div>
      Inside
    </div>
  </div>
</DocumentFragment>
`;
